2026-02-17 22:19:35 - paisa - INFO - Uploads directory ready: /Users/taf/Projects/Paisa/server/uploads
2026-02-17 22:19:36 - paisa - INFO - Uploads directory ready: /Users/taf/Projects/Paisa/server/uploads
2026-02-17 22:19:42 - paisa - INFO - MongoDB initialized
2026-02-17 22:19:53 - paisa - DEBUG - Root endpoint accessed
2026-02-17 22:20:23 - paisa - DEBUG - Root endpoint accessed
2026-02-17 22:20:23 - paisa - DEBUG - Root endpoint accessed
2026-02-17 22:22:12 - paisa - DEBUG - Root endpoint accessed
2026-02-17 22:22:12 - paisa - DEBUG - Root endpoint accessed
2026-02-17 22:22:34 - paisa - DEBUG - Root endpoint accessed
2026-02-17 22:22:34 - paisa - DEBUG - Root endpoint accessed
2026-02-17 22:22:34 - paisa - DEBUG - Root endpoint accessed
2026-02-17 22:22:34 - paisa - DEBUG - Root endpoint accessed
2026-02-17 22:28:54 - paisa - DEBUG - Root endpoint accessed
2026-02-17 22:28:54 - paisa - DEBUG - Root endpoint accessed
2026-02-17 22:52:29 - paisa - DEBUG - Root endpoint accessed
2026-02-17 22:52:29 - paisa - DEBUG - Root endpoint accessed
2026-04-19 16:45:35 - paisa - INFO - Uploads directory ready: /Users/taf/Projects/Paisa/server/uploads
2026-04-19 16:45:35 - paisa - INFO - Uploads directory ready: /Users/taf/Projects/Paisa/server/uploads
2026-04-19 16:45:37 - paisa - INFO - MongoDB initialized
2026-04-19 16:47:29 - paisa - ERROR - Failed to send email to test@tashif.codes: (535, '5.7.8 Error: authentication failed')
2026-04-19 16:47:29 - paisa - WARNING - Failed to send OTP email to test@tashif.codes, but OTP was created
2026-04-19 16:48:27 - paisa - INFO - Uploads directory ready: /Users/taf/Projects/Paisa/server/uploads
2026-04-19 16:48:29 - paisa - INFO - MongoDB initialized
2026-04-19 16:48:52 - paisa - INFO - Uploads directory ready: /Users/taf/Projects/Paisa/server/uploads
2026-04-19 16:48:53 - paisa - INFO - MongoDB initialized
2026-04-19 16:50:41 - paisa - INFO - Uploads directory ready: /Users/taf/Projects/Paisa/server/uploads
2026-04-19 16:50:44 - paisa - INFO - MongoDB initialized
2026-04-19 17:01:15 - paisa - ERROR - Failed to send email to test@tashif.codes: (535, '5.7.8 Error: authentication failed')
2026-04-19 17:01:15 - paisa - WARNING - Failed to send OTP email to test@tashif.codes, but OTP was created
2026-04-19 17:04:40 - paisa - INFO - Uploads directory ready: /Users/taf/Projects/Paisa/server/uploads
2026-04-19 17:04:44 - paisa - INFO - Uploads directory ready: /Users/taf/Projects/Paisa/server/uploads
2026-04-19 17:04:49 - paisa - INFO - Email sent successfully to test@tashif.codes
2026-04-19 17:05:45 - paisa - INFO - Uploads directory ready: /Users/taf/Projects/Paisa/server/uploads
2026-04-19 17:05:46 - paisa - INFO - MongoDB initialized
2026-04-19 17:05:49 - paisa - INFO - Uploads directory ready: /Users/taf/Projects/Paisa/server/uploads
2026-04-19 17:05:50 - paisa - INFO - MongoDB initialized
2026-04-19 17:06:00 - paisa - INFO - Uploads directory ready: /Users/taf/Projects/Paisa/server/uploads
2026-04-19 17:06:07 - paisa - INFO - Uploads directory ready: /Users/taf/Projects/Paisa/server/uploads
2026-04-19 17:06:12 - paisa - INFO - Email sent successfully to test@tashif.codes
2026-04-19 17:07:12 - paisa - INFO - Email sent successfully to test@tashif.codes
2026-04-19 17:07:13 - paisa - INFO - Email sent successfully to test@tashif.codes
2026-04-19 18:23:21 - paisa - INFO - Uploads directory ready: /Users/taf/Projects/Paisa/server/uploads
2026-04-19 18:23:23 - paisa - INFO - MongoDB initialized
2026-04-19 18:23:27 - paisa - INFO - Uploads directory ready: /Users/taf/Projects/Paisa/server/uploads
2026-04-19 18:23:29 - paisa - INFO - MongoDB initialized
2026-04-19 18:23:48 - paisa - INFO - Uploads directory ready: /Users/taf/Projects/Paisa/server/uploads
2026-04-19 18:23:50 - paisa - INFO - MongoDB initialized
2026-04-19 18:24:01 - paisa - INFO - Uploads directory ready: /Users/taf/Projects/Paisa/server/uploads
2026-04-19 18:24:03 - paisa - INFO - MongoDB initialized
2026-04-19 18:24:11 - paisa - INFO - Uploads directory ready: /Users/taf/Projects/Paisa/server/uploads
2026-04-19 18:24:13 - paisa - INFO - MongoDB initialized
2026-04-19 18:24:13 - paisa - INFO - Uploads directory ready: /Users/taf/Projects/Paisa/server/uploads
2026-04-19 18:24:14 - paisa - INFO - MongoDB initialized
2026-04-19 18:24:34 - paisa - INFO - Uploads directory ready: /Users/taf/Projects/Paisa/server/uploads
2026-04-19 18:24:36 - paisa - INFO - MongoDB initialized
2026-04-19 18:24:43 - paisa - INFO - Uploads directory ready: /Users/taf/Projects/Paisa/server/uploads
2026-04-19 18:24:48 - paisa - INFO - MongoDB initialized
2026-04-19 18:24:51 - paisa - INFO - Uploads directory ready: /Users/taf/Projects/Paisa/server/uploads
2026-04-19 18:24:52 - paisa - INFO - MongoDB initialized
2026-04-19 18:24:53 - paisa - INFO - Uploads directory ready: /Users/taf/Projects/Paisa/server/uploads
2026-04-19 18:24:54 - paisa - INFO - MongoDB initialized
2026-04-19 18:55:12 - paisa - INFO - Uploads directory ready: /Users/taf/Projects/Paisa/server/uploads
2026-04-19 18:55:14 - paisa - INFO - MongoDB initialized
2026-04-19 18:55:23 - paisa - INFO - Uploads directory ready: /Users/taf/Projects/Paisa/server/uploads
2026-04-19 18:55:28 - paisa - INFO - MongoDB initialized
2026-04-19 18:56:14 - paisa - INFO - Uploads directory ready: /Users/taf/Projects/Paisa/server/uploads
2026-04-19 18:56:15 - paisa - INFO - MongoDB initialized
2026-04-19 18:56:20 - paisa - INFO - Uploads directory ready: /Users/taf/Projects/Paisa/server/uploads
2026-04-19 18:56:21 - paisa - INFO - MongoDB initialized
2026-04-19 18:57:21 - paisa - INFO - Uploads directory ready: /Users/taf/Projects/Paisa/server/uploads
2026-04-19 18:57:23 - paisa - INFO - MongoDB initialized
2026-04-19 18:57:29 - paisa - INFO - Uploads directory ready: /Users/taf/Projects/Paisa/server/uploads
2026-04-19 18:57:31 - paisa - INFO - MongoDB initialized
2026-04-19 18:57:55 - paisa - INFO - Uploads directory ready: /Users/taf/Projects/Paisa/server/uploads
2026-04-19 18:57:57 - paisa - INFO - MongoDB initialized
2026-04-19 18:59:48 - paisa - INFO - Uploads directory ready: /Users/taf/Projects/Paisa/server/uploads
2026-04-19 18:59:49 - paisa - INFO - MongoDB initialized
2026-04-19 19:00:50 - paisa - INFO - Uploads directory ready: /Users/taf/Projects/Paisa/server/uploads
2026-04-19 19:00:52 - paisa - INFO - MongoDB initialized
2026-04-19 19:04:01 - paisa - INFO - Uploads directory ready: /Users/taf/Projects/Paisa/server/uploads
2026-04-19 19:04:03 - paisa - INFO - MongoDB initialized
2026-04-19 19:04:26 - paisa - INFO - Uploads directory ready: /Users/taf/Projects/Paisa/server/uploads
2026-04-19 19:04:28 - paisa - INFO - MongoDB initialized
2026-04-19 19:05:16 - paisa - INFO - Uploads directory ready: /Users/taf/Projects/Paisa/server/uploads
2026-04-19 19:05:18 - paisa - INFO - MongoDB initialized
